// Jest Snapshot v1, https://goo.gl/fbAQLP

exports[`<Quiz /> should print warning when missing part, progress, firebase, auth or match 1`] = `
Array [
  Array [
    "Warning: Failed prop type: The prop \`part\` is marked as required in \`Quiz\`, but its value is \`undefined\`.
    in Quiz
    in WithStyles(Quiz)
    in Connect(WithStyles(Quiz))
    in Provider",
  ],
  Array [
    "Warning: Failed prop type: The prop \`progress\` is marked as required in \`Quiz\`, but its value is \`undefined\`.
    in Quiz
    in WithStyles(Quiz)
    in Connect(WithStyles(Quiz))
    in Provider",
  ],
  Array [
    "Warning: Failed prop type: The prop \`firebase\` is marked as required in \`Quiz\`, but its value is \`undefined\`.
    in Quiz
    in WithStyles(Quiz)
    in Connect(WithStyles(Quiz))
    in Provider",
  ],
  Array [
    "Warning: Failed prop type: The prop \`auth\` is marked as required in \`Quiz\`, but its value is \`undefined\`.
    in Quiz
    in WithStyles(Quiz)
    in Connect(WithStyles(Quiz))
    in Provider",
  ],
  Array [
    "Warning: Failed prop type: The prop \`match\` is marked as required in \`Quiz\`, but its value is \`undefined\`.
    in Quiz
    in WithStyles(Quiz)
    in Connect(WithStyles(Quiz))
    in Provider",
  ],
]
`;
