// Jest Snapshot v1, https://goo.gl/fbAQLP

exports[`<WithMainNav /> should print warning when missing component prop 1`] = `
Array [
  "Warning: Failed prop type: The prop \`component\` is marked as required in \`WithMainNav\`, but its value is \`undefined\`.
    in WithMainNav",
]
`;

exports[`<WithMainNav /> should spread props to Component 1`] = `
Object {
  "class": "my-component",
}
`;
